#
# Aleph Mapping
#
# E*g*
# 
#   245    title     :: store the content of all the '245' fields in the 'title' field
#   540+a  rights    :: store only the 'a' subfield of all 540 in the 'rights' field
#   540-j  foobar    :: store every subfield except 'j' of all 540 in the 'foobar' field'
#
# P@ 2011-01

##############
# Don't touch 
SYS     _id
DEL     DEL
###############

MRC     fXML

SYS     id 
SYS     fSYS
005     fDATE
008     year
008     period
008     lang
009     collection
022     _issn

100     author
111     author
130     author
170     author
700     author
710     author
720     author

210     title
222     title
240     title
241     title
245     title
246     title
249     title

245     title_sort

852+a   holding
852+b   department
852+c   library
852+c   faculty 
852+j   location

920+a   type

CAT+f   cid
CAT+x   bak
STA     perm
Z30+82	created

SYS     all
0**     all
1**     all
2**     all
3**     all
4**     all
5**     all
6**     all
7**     all
8**     all
9**     all
