#
# Aleph Mapping
#
# E.g.
# 
#   245    title     :: store the content of all the '245' fields in the 'title' field
#   540+a  rights    :: store only the 'a' subfield of all 540 in the 'rights' field
#   540-j  foobar    :: store every subfield except 'j' of all 540 in the 'foobar' field'
#
# P@ 2011-01

##############
# Don't touch 
SYS     _id
DEL     DEL
###############

MRC     fXML

SYS     fSYS
005     fDATE
008     year
008     period
008     lang
009     collection
022     _issn

100     author
111     author
130     author
170     author
700     author
710     author
720     author

210     title
222     title
240     title
241     title
245     title
246     title
249     title

245     title_sort

852+a   holding
852+b   department
852+c   library
852+c   faculty 
852+j   location

920+a   type

CAT+f   cid
CAT+x   bak
STA     perm

SYS     all
020     all
022     all
100     all
111     all
130     all
170     all
210     all
222     all
240     all
241     all
245     all
246     all
249     all
260     all
700     all
720     all
